// Jest Snapshot v1, https://goo.gl/fbAQLP

exports[`App renders correctly 1`] = `
<DocumentFragment>
  <div
    class="App"
  >
    <img
      alt="Nasa Logo"
      class="logo"
      src="https://cdn.cnn.com/cnnnext/dam/assets/200424060716-nasa-worm-logo.jpg"
    />
    <div
      class="search-bar-container"
    >
      <form>
        <input
          placeholder="Search..."
          type="text"
          value=""
        />
        <button
          class="search-button"
          type="submit"
        >
          Blast off
        </button>
      </form>
    </div>
  </div>
</DocumentFragment>
`;
