// Jest Snapshot v1, https://goo.gl/fbAQLP

exports[`Search renders correctly 1`] = `
<DocumentFragment>
  <div
    class="search-bar-container"
  >
    <form>
      <input
        placeholder="Search..."
        type="text"
        value=""
      />
      <button
        class="search-button"
        type="submit"
      >
        Blast off
      </button>
    </form>
  </div>
</DocumentFragment>
`;
